Archive member included to satisfy reference by file (symbol)

C:/ST/STM32CubeIDE_1.16.0/STM32CubeIDE/plugins/com.st.stm32cube.ide.mcu.externaltools.gnu-tools-for-stm32.12.3.rel1.win32_1.0.200.202406191623/tools/bin/../lib/gcc/arm-none-eabi/12.3.1/../../../../arm-none-eabi/lib/thumb/v7-m/nofp\libc_nano.a(libc_a-exit.o)
                              C:/ST/STM32CubeIDE_1.16.0/STM32CubeIDE/plugins/com.st.stm32cube.ide.mcu.externaltools.gnu-tools-for-stm32.12.3.rel1.win32_1.0.200.202406191623/tools/bin/../lib/gcc/arm-none-eabi/12.3.1/../../../../arm-none-eabi/lib/thumb/v7-m/nofp/crt0.o (exit)
C:/ST/STM32CubeIDE_1.16.0/STM32CubeIDE/plugins/com.st.stm32cube.ide.mcu.externaltools.gnu-tools-for-stm32.12.3.rel1.win32_1.0.200.202406191623/tools/bin/../lib/gcc/arm-none-eabi/12.3.1/../../../../arm-none-eabi/lib/thumb/v7-m/nofp\libc_nano.a(libc_a-findfp.o)
                              C:/ST/STM32CubeIDE_1.16.0/STM32CubeIDE/plugins/com.st.stm32cube.ide.mcu.externaltools.gnu-tools-for-stm32.12.3.rel1.win32_1.0.200.202406191623/tools/bin/../lib/gcc/arm-none-eabi/12.3.1/../../../../arm-none-eabi/lib/thumb/v7-m/nofp\libc_nano.a(libc_a-exit.o) (__stdio_exit_handler)
C:/ST/STM32CubeIDE_1.16.0/STM32CubeIDE/plugins/com.st.stm32cube.ide.mcu.externaltools.gnu-tools-for-stm32.12.3.rel1.win32_1.0.200.202406191623/tools/bin/../lib/gcc/arm-none-eabi/12.3.1/../../../../arm-none-eabi/lib/thumb/v7-m/nofp\libc_nano.a(libc_a-fwalk.o)
                              C:/ST/STM32CubeIDE_1.16.0/STM32CubeIDE/plugins/com.st.stm32cube.ide.mcu.externaltools.gnu-tools-for-stm32.12.3.rel1.win32_1.0.200.202406191623/tools/bin/../lib/gcc/arm-none-eabi/12.3.1/../../../../arm-none-eabi/lib/thumb/v7-m/nofp\libc_nano.a(libc_a-findfp.o) (_fwalk_sglue)
C:/ST/STM32CubeIDE_1.16.0/STM32CubeIDE/plugins/com.st.stm32cube.ide.mcu.externaltools.gnu-tools-for-stm32.12.3.rel1.win32_1.0.200.202406191623/tools/bin/../lib/gcc/arm-none-eabi/12.3.1/../../../../arm-none-eabi/lib/thumb/v7-m/nofp\libc_nano.a(libc_a-stdio.o)
                              C:/ST/STM32CubeIDE_1.16.0/STM32CubeIDE/plugins/com.st.stm32cube.ide.mcu.externaltools.gnu-tools-for-stm32.12.3.rel1.win32_1.0.200.202406191623/tools/bin/../lib/gcc/arm-none-eabi/12.3.1/../../../../arm-none-eabi/lib/thumb/v7-m/nofp\libc_nano.a(libc_a-findfp.o) (__sread)
C:/ST/STM32CubeIDE_1.16.0/STM32CubeIDE/plugins/com.st.stm32cube.ide.mcu.externaltools.gnu-tools-for-stm32.12.3.rel1.win32_1.0.200.202406191623/tools/bin/../lib/gcc/arm-none-eabi/12.3.1/../../../../arm-none-eabi/lib/thumb/v7-m/nofp\libc_nano.a(libc_a-memset.o)
                              C:/ST/STM32CubeIDE_1.16.0/STM32CubeIDE/plugins/com.st.stm32cube.ide.mcu.externaltools.gnu-tools-for-stm32.12.3.rel1.win32_1.0.200.202406191623/tools/bin/../lib/gcc/arm-none-eabi/12.3.1/../../../../arm-none-eabi/lib/thumb/v7-m/nofp/crt0.o (memset)
C:/ST/STM32CubeIDE_1.16.0/STM32CubeIDE/plugins/com.st.stm32cube.ide.mcu.externaltools.gnu-tools-for-stm32.12.3.rel1.win32_1.0.200.202406191623/tools/bin/../lib/gcc/arm-none-eabi/12.3.1/../../../../arm-none-eabi/lib/thumb/v7-m/nofp\libc_nano.a(libc_a-closer.o)
                              C:/ST/STM32CubeIDE_1.16.0/STM32CubeIDE/plugins/com.st.stm32cube.ide.mcu.externaltools.gnu-tools-for-stm32.12.3.rel1.win32_1.0.200.202406191623/tools/bin/../lib/gcc/arm-none-eabi/12.3.1/../../../../arm-none-eabi/lib/thumb/v7-m/nofp\libc_nano.a(libc_a-stdio.o) (_close_r)
C:/ST/STM32CubeIDE_1.16.0/STM32CubeIDE/plugins/com.st.stm32cube.ide.mcu.externaltools.gnu-tools-for-stm32.12.3.rel1.win32_1.0.200.202406191623/tools/bin/../lib/gcc/arm-none-eabi/12.3.1/../../../../arm-none-eabi/lib/thumb/v7-m/nofp\libc_nano.a(libc_a-reent.o)
                              C:/ST/STM32CubeIDE_1.16.0/STM32CubeIDE/plugins/com.st.stm32cube.ide.mcu.externaltools.gnu-tools-for-stm32.12.3.rel1.win32_1.0.200.202406191623/tools/bin/../lib/gcc/arm-none-eabi/12.3.1/../../../../arm-none-eabi/lib/thumb/v7-m/nofp\libc_nano.a(libc_a-closer.o) (errno)
C:/ST/STM32CubeIDE_1.16.0/STM32CubeIDE/plugins/com.st.stm32cube.ide.mcu.externaltools.gnu-tools-for-stm32.12.3.rel1.win32_1.0.200.202406191623/tools/bin/../lib/gcc/arm-none-eabi/12.3.1/../../../../arm-none-eabi/lib/thumb/v7-m/nofp\libc_nano.a(libc_a-impure.o)
                              C:/ST/STM32CubeIDE_1.16.0/STM32CubeIDE/plugins/com.st.stm32cube.ide.mcu.externaltools.gnu-tools-for-stm32.12.3.rel1.win32_1.0.200.202406191623/tools/bin/../lib/gcc/arm-none-eabi/12.3.1/../../../../arm-none-eabi/lib/thumb/v7-m/nofp\libc_nano.a(libc_a-reent.o) (_impure_ptr)
C:/ST/STM32CubeIDE_1.16.0/STM32CubeIDE/plugins/com.st.stm32cube.ide.mcu.externaltools.gnu-tools-for-stm32.12.3.rel1.win32_1.0.200.202406191623/tools/bin/../lib/gcc/arm-none-eabi/12.3.1/../../../../arm-none-eabi/lib/thumb/v7-m/nofp\libc_nano.a(libc_a-lseekr.o)
[...]
Memory Configuration

Name             Origin             Length             Attributes
RAM              0x20000000         0x00005000         xrw
FLASH            0x08000000         0x00020000         xr
*default*        0x00000000         0xffffffff

Linker script and memory map

LOAD C:/ST/STM32CubeIDE_1.16.0/STM32CubeIDE/plugins/com.st.stm32cube.ide.mcu.externaltools.gnu-tools-for-stm32.12.3.rel1.win32_1.0.200.202406191623/tools/bin/../lib/gcc/arm-none-eabi/12.3.1/thumb/v7-m/nofp/crti.o
LOAD C:/ST/STM32CubeIDE_1.16.0/STM32CubeIDE/plugins/com.st.stm32cube.ide.mcu.externaltools.gnu-tools-for-stm32.12.3.rel1.win32_1.0.200.202406191623/tools/bin/../lib/gcc/arm-none-eabi/12.3.1/thumb/v7-m/nofp/crtbegin.o
LOAD C:/ST/STM32CubeIDE_1.16.0/STM32CubeIDE/plugins/com.st.stm32cube.ide.mcu.externaltools.gnu-tools-for-stm32.12.3.rel1.win32_1.0.200.202406191623/tools/bin/../lib/gcc/arm-none-eabi/12.3.1/../../../../arm-none-eabi/lib/thumb/v7-m/nofp/crt0.o
LOAD ./Core/Src/button.o
LOAD ./Core/Src/display.o
LOAD ./Core/Src/global.o
LOAD ./Core/Src/input_processing.o
LOAD ./Core/Src/main.o
LOAD ./Core/Src/scheduler.o
LOAD ./Core/Src/stm32f1xx_hal_msp.o
LOAD ./Core/Src/stm32f1xx_it.o
LOAD ./Core/Src/syscalls.o
LOAD ./Core/Src/sysmem.o
LOAD ./Core/Src/system_stm32f1xx.o
LOAD ./Core/Src/timer.o
LOAD ./Core/Src/traffic_jam.o
LOAD ./Core/Startup/startup_stm32f103rbtx.o
LOAD ./Drivers/STM32F1xx_HAL_Driver/Src/stm32f1xx_hal.o
LOAD ./Drivers/STM32F1xx_HAL_Driver/Src/stm32f1xx_hal_cortex.o
LOAD ./Drivers/STM32F1xx_HAL_Driver/Src/stm32f1xx_hal_dma.o
LOAD ./Drivers/STM32F1xx_HAL_Driver/Src/stm32f1xx_hal_exti.o
LOAD ./Drivers/STM32F1xx_HAL_Driver/Src/stm32f1xx_hal_flash.o
LOAD ./Drivers/STM32F1xx_HAL_Driver/Src/stm32f1xx_hal_flash_ex.o
LOAD ./Drivers/STM32F1xx_HAL_Driver/Src/stm32f1xx_hal_gpio.o
LOAD ./Drivers/STM32F1xx_HAL_Driver/Src/stm32f1xx_hal_gpio_ex.o
LOAD ./Drivers/STM32F1xx_HAL_Driver/Src/stm32f1xx_hal_pwr.o
LOAD ./Drivers/STM32F1xx_HAL_Driver/Src/stm32f1xx_hal_rcc.o
LOAD ./Drivers/STM32F1xx_HAL_Driver/Src/stm32f1xx_hal_rcc_ex.o
LOAD ./Drivers/STM32F1xx_HAL_Driver/Src/stm32f1xx_hal_tim.o
LOAD ./Drivers/STM32F1xx_HAL_Driver/Src/stm32f1xx_hal_tim_ex.o
START GROUP
LOAD C:/ST/STM32CubeIDE_1.16.0/STM32CubeIDE/plugins/com.st.stm32cube.ide.mcu.externaltools.gnu-tools-for-stm32.12.3.rel1.win32_1.0.200.202406191623/tools/bin/../lib/gcc/arm-none-eabi/12.3.1/../../../../arm-none-eabi/lib/thumb/v7-m/nofp\libc_nano.a
LOAD C:/ST/STM32CubeIDE_1.16.0/STM32CubeIDE/plugins/com.st.stm32cube.ide.mcu.externaltools.gnu-tools-for-stm32.12.3.rel1.win32_1.0.200.202406191623/tools/bin/../lib/gcc/arm-none-eabi/12.3.1/../../../../arm-none-eabi/lib/thumb/v7-m/nofp\libm.a
END GROUP
START GROUP
LOAD C:/ST/STM32CubeIDE_1.16.0/STM32CubeIDE/plugins/com.st.stm32cube.ide.mcu.externaltools.gnu-tools-for-stm32.12.3.rel1.win32_1.0.200.202406191623/tools/bin/../lib/gcc/arm-none-eabi/12.3.1/thumb/v7-m/nofp\libgcc.a
LOAD C:/ST/STM32CubeIDE_1.16.0/STM32CubeIDE/plugins/com.st.stm32cube.ide.mcu.externaltools.gnu-tools-for-stm32.12.3.rel1.win32_1.0.200.202406191623/tools/bin/../lib/gcc/arm-none-eabi/12.3.1/../../../../arm-none-eabi/lib/thumb/v7-m/nofp\libc_nano.a
END GROUP
START GROUP
LOAD C:/ST/STM32CubeIDE_1.16.0/STM32CubeIDE/plugins/com.st.stm32cube.ide.mcu.externaltools.gnu-tools-for-stm32.12.3.rel1.win32_1.0.200.202406191623/tools/bin/../lib/gcc/arm-none-eabi/12.3.1/thumb/v7-m/nofp\libgcc.a
LOAD C:/ST/STM32CubeIDE_1.16.0/STM32CubeIDE/plugins/com.st.stm32cube.ide.mcu.externaltools.gnu-tools-for-stm32.12.3.rel1.win32_1.0.200.202406191623/tools/bin/../lib/gcc/arm-none-eabi/12.3.1/../../../../arm-none-eabi/lib/thumb/v7-m/nofp\libc_nano.a
LOAD C:/ST/STM32CubeIDE_1.16.0/STM32CubeIDE/plugins/com.st.stm32cube.ide.mcu.externaltools.gnu-tools-for-stm32.12.3.rel1.win32_1.0.200.202406191623/tools/bin/../lib/gcc/arm-none-eabi/12.3.1/../../../../arm-none-eabi/lib/thumb/v7-m/nofp\libnosys.a
END GROUP
START GROUP
LOAD C:/ST/STM32CubeIDE_1.16.0/STM32CubeIDE/plugins/com.st.stm32cube.ide.mcu.externaltools.gnu-tools-for-stm32.12.3.rel1.win32_1.0.200.202406191623/tools/bin/../lib/gcc/arm-none-eabi/12.3.1/thumb/v7-m/nofp\libgcc.a
LOAD C:/ST/STM32CubeIDE_1.16.0/STM32CubeIDE/plugins/com.st.stm32cube.ide.mcu.externaltools.gnu-tools-for-stm32.12.3.rel1.win32_1.0.200.202406191623/tools/bin/../lib/gcc/arm-none-eabi/12.3.1/../../../../arm-none-eabi/lib/thumb/v7-m/nofp\libc_nano.a
LOAD C:/ST/STM32CubeIDE_1.16.0/STM32CubeIDE/plugins/com.st.stm32cube.ide.mcu.externaltools.gnu-tools-for-stm32.12.3.rel1.win32_1.0.200.202406191623/tools/bin/../lib/gcc/arm-none-eabi/12.3.1/../../../../arm-none-eabi/lib/thumb/v7-m/nofp\libnosys.a
END GROUP
LOAD C:/ST/STM32CubeIDE_1.16.0/STM32CubeIDE/plugins/com.st.stm32cube.ide.mcu.externaltools.gnu-tools-for-stm32.12.3.rel1.win32_1.0.200.202406191623/tools/bin/../lib/gcc/arm-none-eabi/12.3.1/thumb/v7-m/nofp/crtend.o
LOAD C:/ST/STM32CubeIDE_1.16.0/STM32CubeIDE/plugins/com.st.stm32cube.ide.mcu.externaltools.gnu-tools-for-stm32.12.3.rel1.win32_1.0.200.202406191623/tools/bin/../lib/gcc/arm-none-eabi/12.3.1/thumb/v7-m/nofp/crtn.o
                0x20005000                        _estack = (ORIGIN (RAM) + LENGTH (RAM))
                0x00000200                        _Min_Heap_Size = 0x200
                0x00000400                        _Min_Stack_Size = 0x400

.isr_vector     0x08000000      0x10c
                0x08000000                        . = ALIGN (0x4)
 *(.isr_vector)
 .isr_vector    0x08000000      0x10c ./Core/Startup/startup_stm32f103rbtx.o
                0x08000000                g_pfnVectors
                0x0800010c                        . = ALIGN (0x4)

.text           0x0800010c     0x2a2c
                0x0800010c                        . = ALIGN (0x4)
 *(.text)
 .text          0x0800010c       0x40 C:/ST/STM32CubeIDE_1.16.0/STM32CubeIDE/plugins/com.st.stm32cube.ide.mcu.externaltools.gnu-tools-for-stm32.12.3.rel1.win32_1.0.200.202406191623/tools/bin/../lib/gcc/arm-none-eabi/12.3.1/thumb/v7-m/nofp/crtbegin.o
 *(.text*)
 .text.ButtonInit
                0x0800014c       0x48 ./Core/Src/button.o
                0x0800014c                ButtonInit
 .text.InitThreeButton
                0x08000194       0x3c ./Core/Src/button.o
                0x08000194                InitThreeButton
 .text.IsPressed
                0x080001d0       0x48 ./Core/Src/button.o
                0x080001d0                IsPressed
 .text.LongPressed
                0x08000218        0xc ./Core/Src/button.o
                0x08000218                LongPressed
 .text.getInput
                0x08000224      0x148 ./Core/Src/button.o
                0x08000224                getInput
 .text.getKeyInput
                0x0800036c       0x28 ./Core/Src/button.o
                0x0800036c                getKeyInput
 .text.InitCount
                0x08000394       0x24 ./Core/Src/display.o
                0x08000394                InitCount
 .text.displayRedLed
                0x080003b8       0x48 ./Core/Src/display.o
                0x080003b8                displayRedLed
 .text.displayAmberLed
                0x08000400       0x48 ./Core/Src/display.o
                0x08000400                displayAmberLed
 .text.displayGreenLed
                0x08000448       0x48 ./Core/Src/display.o
                0x08000448                displayGreenLed
 .text.ChangeTime
                0x08000490       0x3c ./Core/Src/display.o
                0x08000490                ChangeTime
 .text.IncreaseTime
                0x080004cc       0x50 ./Core/Src/display.o
                0x080004cc                IncreaseTime
 .text.fsm_manual
                0x0800051c       0x24 ./Core/Src/display.o
                0x0800051c                fsm_manual
 .text.displayLED7SEG_RIGHT
                0x08000540      0x2a4 ./Core/Src/display.o
                0x08000540                displayLED7SEG_RIGHT
 .text.displayLED7SEG_ABOVE
                0x080007e4      0x2b0 ./Core/Src/display.o
                0x080007e4                displayLED7SEG_ABOVE
 .text.IsNormalMode
                0x08000a94       0x20 ./Core/Src/input_processing.o
                0x08000a94                IsNormalMode
 .text.IsModifyRedLeds
                0x08000ab4       0x20 ./Core/Src/input_processing.o
                0x08000ab4                IsModifyRedLeds
 .text.IsModifyAmberLeds
                0x08000ad4       0x20 ./Core/Src/input_processing.o
                0x08000ad4                IsModifyAmberLeds
 .text.IsModifyGreenLeds
                0x08000af4       0x20 ./Core/Src/input_processing.o
                0x08000af4                IsModifyGreenLeds
 .text.fsm_setting
                0x08000b14       0x8c ./Core/Src/input_processing.o
                0x08000b14                fsm_setting
 .text.HAL_TIM_PeriodElapsedCallback
                0x08000ba0       0x1c ./Core/Src/main.o
                0x08000ba0                HAL_TIM_PeriodElapsedCallback
 .text.blinkLed
                0x08000bbc       0x14 ./Core/Src/main.o
                0x08000bbc                blinkLed
 .text.main     0x08000bd0       0x64 ./Core/Src/main.o
                0x08000bd0                main
 .text.SystemClock_Config
                0x08000c34       0x80 ./Core/Src/main.o
                0x08000c34                SystemClock_Config
 .text.MX_TIM2_Init
                0x08000cb4       0x98 ./Core/Src/main.o
 .text.MX_GPIO_Init
                0x08000d4c       0xf8 ./Core/Src/main.o
 .text.Error_Handler
                0x08000e44        0xc ./Core/Src/main.o
                0x08000e44                Error_Handler
 .text.SCH_Add_Task
                0x08000e50       0xac ./Core/Src/scheduler.o
                0x08000e50                SCH_Add_Task
 .text.SCH_Update
                0x08000efc       0xc0 ./Core/Src/scheduler.o
                0x08000efc                SCH_Update
 .text.SCH_Dispatch_Task
                0x08000fbc       0x84 ./Core/Src/scheduler.o
                0x08000fbc                SCH_Dispatch_Task
 .text.HAL_MspInit
                0x08001040       0x64 ./Core/Src/stm32f1xx_hal_msp.o
                0x08001040                HAL_MspInit
 .text.HAL_TIM_Base_MspInit
                0x080010a4       0x48 ./Core/Src/stm32f1xx_hal_msp.o
                0x080010a4                HAL_TIM_Base_MspInit
 .text.NMI_Handler
                0x080010ec        0x8 ./Core/Src/stm32f1xx_it.o
                0x080010ec                NMI_Handler
 .text.HardFault_Handler
                0x080010f4        0x8 ./Core/Src/stm32f1xx_it.o
                0x080010f4                HardFault_Handler
 .text.MemManage_Handler
                0x080010fc        0x8 ./Core/Src/stm32f1xx_it.o
                0x080010fc                MemManage_Handler
 .text.BusFault_Handler
                0x08001104        0x8 ./Core/Src/stm32f1xx_it.o
                0x08001104                BusFault_Handler
 .text.UsageFault_Handler
                0x0800110c        0x8 ./Core/Src/stm32f1xx_it.o
                0x0800110c                UsageFault_Handler
 .text.SVC_Handler
                0x08001114        0xc ./Core/Src/stm32f1xx_it.o
                0x08001114                SVC_Handler
 .text.DebugMon_Handler
                0x08001120        0xc ./Core/Src/stm32f1xx_it.o
                0x08001120                DebugMon_Handler
 .text.PendSV_Handler
                0x0800112c        0xc ./Core/Src/stm32f1xx_it.o
                0x0800112c                PendSV_Handler
 .text.SysTick_Handler
                0x08001138        0xc ./Core/Src/stm32f1xx_it.o
                0x08001138                SysTick_Handler
 .text.TIM2_IRQHandler
                0x08001144       0x14 ./Core/Src/stm32f1xx_it.o
                0x08001144                TIM2_IRQHandler
 .text.SystemInit
                0x08001158        0xc ./Core/Src/system_stm32f1xx.o
                0x08001158                SystemInit
 .text.setTimer1
                0x08001164       0x38 ./Core/Src/timer.o
                0x08001164                setTimer1
 .text.timerRun
                0x0800119c       0x5c ./Core/Src/timer.o
                0x0800119c                timerRun
 .text.setTimeForTraffic
                0x080011f8       0x36 ./Core/Src/traffic_jam.o
                0x080011f8                setTimeForTraffic
 .text.checkTime
                0x0800122e       0x3c ./Core/Src/traffic_jam.o
                0x0800122e                checkTime
 .text.set_light
                0x0800126a       0x92 ./Core/Src/traffic_jam.o
                0x0800126a                set_light
 .text.trafficNormal
                0x080012fc      0x130 ./Core/Src/traffic_jam.o
                0x080012fc                trafficNormal
 .text.fsm_automatic
                0x0800142c       0x38 ./Core/Src/traffic_jam.o
                0x0800142c                fsm_automatic
 .text.Reset_Handler
                0x08001464       0x48 ./Core/Startup/startup_stm32f103rbtx.o
                0x08001464                Reset_Handler
 .text.Default_Handler
                0x080014ac        0x2 ./Core/Startup/startup_stm32f103rbtx.o
                0x080014ac                RTC_Alarm_IRQHandler
                0x080014ac                EXTI2_IRQHandler
                0x080014ac                TIM1_CC_IRQHandler
                0x080014ac                PVD_IRQHandler
                0x080014ac                EXTI3_IRQHandler
                0x080014ac                EXTI0_IRQHandler
                0x080014ac                I2C2_EV_IRQHandler
                0x080014ac                ADC1_2_IRQHandler
                0x080014ac                SPI1_IRQHandler
                0x080014ac                TAMPER_IRQHandler
                0x080014ac                DMA1_Channel4_IRQHandler
                0x080014ac                USART3_IRQHandler
                0x080014ac                RTC_IRQHandler
                0x080014ac                DMA1_Channel7_IRQHandler
                0x080014ac                CAN1_RX1_IRQHandler
                0x080014ac                TIM4_IRQHandler
                0x080014ac                I2C1_EV_IRQHandler
                0x080014ac                DMA1_Channel6_IRQHandler
                0x080014ac                TIM3_IRQHandler
                0x080014ac                RCC_IRQHandler
                0x080014ac                TIM1_TRG_COM_IRQHandler
                0x080014ac                DMA1_Channel1_IRQHandler
                0x080014ac                Default_Handler
                0x080014ac                EXTI15_10_IRQHandler
                0x080014ac                EXTI9_5_IRQHandler
                0x080014ac                SPI2_IRQHandler
                0x080014ac                DMA1_Channel5_IRQHandler
                0x080014ac                EXTI4_IRQHandler
                0x080014ac                USB_LP_CAN1_RX0_IRQHandler
                0x080014ac                USB_HP_CAN1_TX_IRQHandler
                0x080014ac                DMA1_Channel3_IRQHandler
                0x080014ac                TIM1_UP_IRQHandler
                0x080014ac                WWDG_IRQHandler
                0x080014ac                TIM1_BRK_IRQHandler
                0x080014ac                EXTI1_IRQHandler
                0x080014ac                USART2_IRQHandler
                0x080014ac                I2C2_ER_IRQHandler
                0x080014ac                DMA1_Channel2_IRQHandler
                0x080014ac                CAN1_SCE_IRQHandler
                0x080014ac                FLASH_IRQHandler
                0x080014ac                USART1_IRQHandler
                0x080014ac                I2C1_ER_IRQHandler
                0x080014ac                USBWakeUp_IRQHandler
 *fill*         0x080014ae        0x2 
 .text.HAL_Init
                0x080014b0       0x2c ./Drivers/STM32F1xx_HAL_Driver/Src/stm32f1xx_hal.o
                0x080014b0                HAL_Init
 .text.HAL_InitTick
                0x080014dc       0x60 ./Drivers/STM32F1xx_HAL_Driver/Src/stm32f1xx_hal.o
                0x080014dc                HAL_InitTick
 .text.HAL_IncTick
                0x0800153c       0x24 ./Drivers/STM32F1xx_HAL_Driver/Src/stm32f1xx_hal.o
                0x0800153c                HAL_IncTick
 .text.HAL_GetTick
                0x08001560       0x14 ./Drivers/STM32F1xx_HAL_Driver/Src/stm32f1xx_hal.o
                0x08001560                HAL_GetTick
 .text.__NVIC_SetPriorityGrouping
                0x08001574       0x48 ./Drivers/STM32F1xx_HAL_Driver/Src/stm32f1xx_hal_cortex.o
 .text.__NVIC_GetPriorityGrouping
                0x080015bc       0x1c ./Drivers/STM32F1xx_HAL_Driver/Src/stm32f1xx_hal_cortex.o
 .text.__NVIC_EnableIRQ
                0x080015d8       0x38 ./Drivers/STM32F1xx_HAL_Driver/Src/stm32f1xx_hal_cortex.o
 .text.__NVIC_SetPriority
                0x08001610       0x54 ./Drivers/STM32F1xx_HAL_Driver/Src/stm32f1xx_hal_cortex.o
 .text.NVIC_EncodePriority
                0x08001664       0x64 ./Drivers/STM32F1xx_HAL_Driver/Src/stm32f1xx_hal_cortex.o
 .text.SysTick_Config
                0x080016c8       0x44 ./Drivers/STM32F1xx_HAL_Driver/Src/stm32f1xx_hal_cortex.o
 .text.HAL_NVIC_SetPriorityGrouping
                0x0800170c       0x16 ./Drivers/STM32F1xx_HAL_Driver/Src/stm32f1xx_hal_cortex.o
                0x0800170c                HAL_NVIC_SetPriorityGrouping
 .text.HAL_NVIC_SetPriority
                0x08001722       0x38 ./Drivers/STM32F1xx_HAL_Driver/Src/stm32f1xx_hal_cortex.o
                0x08001722                HAL_NVIC_SetPriority
 .text.HAL_NVIC_EnableIRQ
                0x0800175a       0x1c ./Drivers/STM32F1xx_HAL_Driver/Src/stm32f1xx_hal_cortex.o
                0x0800175a                HAL_NVIC_EnableIRQ
 .text.HAL_SYSTICK_Config
                0x08001776       0x18 ./Drivers/STM32F1xx_HAL_Driver/Src/stm32f1xx_hal_cortex.o
                0x08001776                HAL_SYSTICK_Config
 *fill*         0x0800178e        0x2 
 .text.HAL_GPIO_Init
                0x08001790      0x308 ./Drivers/STM32F1xx_HAL_Driver/Src/stm32f1xx_hal_gpio.o
                0x08001790                HAL_GPIO_Init
 .text.HAL_GPIO_ReadPin
                0x08001a98       0x2e ./Drivers/STM32F1xx_HAL_Driver/Src/stm32f1xx_hal_gpio.o
                0x08001a98                HAL_GPIO_ReadPin
 .text.HAL_GPIO_WritePin
                0x08001ac6       0x30 ./Drivers/STM32F1xx_HAL_Driver/Src/stm32f1xx_hal_gpio.o
                0x08001ac6                HAL_GPIO_WritePin
 .text.HAL_GPIO_TogglePin
                0x08001af6       0x32 ./Drivers/STM32F1xx_HAL_Driver/Src/stm32f1xx_hal_gpio.o
                0x08001af6                HAL_GPIO_TogglePin
 .text.HAL_RCC_OscConfig
                0x08001b28      0x504 ./Drivers/STM32F1xx_HAL_Driver/Src/stm32f1xx_hal_rcc.o
                0x08001b28                HAL_RCC_OscConfig
 .text.HAL_RCC_ClockConfig
                0x0800202c      0x1d4 ./Drivers/STM32F1xx_HAL_Driver/Src/stm32f1xx_hal_rcc.o
                0x0800202c                HAL_RCC_ClockConfig
 .text.HAL_RCC_GetSysClockFreq
                0x08002200       0xa8 ./Drivers/STM32F1xx_HAL_Driver/Src/stm32f1xx_hal_rcc.o
                0x08002200                HAL_RCC_GetSysClockFreq
 .text.RCC_Delay
                0x080022a8       0x3c ./Drivers/STM32F1xx_HAL_Driver/Src/stm32f1xx_hal_rcc.o
 .text.HAL_TIM_Base_Init
                0x080022e4       0x9e ./Drivers/STM32F1xx_HAL_Driver/Src/stm32f1xx_hal_tim.o
                0x080022e4                HAL_TIM_Base_Init
 *fill*         0x08002382        0x2 
 .text.HAL_TIM_Base_Start_IT
                0x08002384       0xa4 ./Drivers/STM32F1xx_HAL_Driver/Src/stm32f1xx_hal_tim.o
                0x08002384                HAL_TIM_Base_Start_IT
 .text.HAL_TIM_IRQHandler
                0x08002428      0x1e0 ./Drivers/STM32F1xx_HAL_Driver/Src/stm32f1xx_hal_tim.o
                0x08002428                HAL_TIM_IRQHandler
 .text.HAL_TIM_ConfigClockSource
                0x08002608      0x18e ./Drivers/STM32F1xx_HAL_Driver/Src/stm32f1xx_hal_tim.o
                0x08002608                HAL_TIM_ConfigClockSource
 .text.HAL_TIM_OC_DelayElapsedCallback
                0x08002796       0x12 ./Drivers/STM32F1xx_HAL_Driver/Src/stm32f1xx_hal_tim.o
                0x08002796                HAL_TIM_OC_DelayElapsedCallback
 .text.HAL_TIM_IC_CaptureCallback
                0x080027a8       0x12 ./Drivers/STM32F1xx_HAL_Driver/Src/stm32f1xx_hal_tim.o
                0x080027a8                HAL_TIM_IC_CaptureCallback
 .text.HAL_TIM_PWM_PulseFinishedCallback
                0x080027ba       0x12 ./Drivers/STM32F1xx_HAL_Driver/Src/stm32f1xx_hal_tim.o
                0x080027ba                HAL_TIM_PWM_PulseFinishedCallback
 .text.HAL_TIM_TriggerCallback
                0x080027cc       0x12 ./Drivers/STM32F1xx_HAL_Driver/Src/stm32f1xx_hal_tim.o
                0x080027cc                HAL_TIM_TriggerCallback
 *fill*         0x080027de        0x2 
 .text.TIM_Base_SetConfig
                0x080027e0       0xdc ./Drivers/STM32F1xx_HAL_Driver/Src/stm32f1xx_hal_tim.o
                0x080027e0                TIM_Base_SetConfig
 .text.TIM_TI1_ConfigInputStage
                0x080028bc       0x5c ./Drivers/STM32F1xx_HAL_Driver/Src/stm32f1xx_hal_tim.o
 .text.TIM_TI2_ConfigInputStage
                0x08002918       0x5e ./Drivers/STM32F1xx_HAL_Driver/Src/stm32f1xx_hal_tim.o
 .text.TIM_ITRx_SetConfig
                0x08002976       0x34 ./Drivers/STM32F1xx_HAL_Driver/Src/stm32f1xx_hal_tim.o
 .text.TIM_ETR_SetConfig
                0x080029aa       0x3e ./Drivers/STM32F1xx_HAL_Driver/Src/stm32f1xx_hal_tim.o
                0x080029aa                TIM_ETR_SetConfig
 .text.HAL_TIMEx_MasterConfigSynchronization
                0x080029e8       0xbc ./Drivers/STM32F1xx_HAL_Driver/Src/stm32f1xx_hal_tim_ex.o
                0x080029e8                HAL_TIMEx_MasterConfigSynchronization
 .text.HAL_TIMEx_CommutCallback
                0x08002aa4       0x12 ./Drivers/STM32F1xx_HAL_Driver/Src/stm32f1xx_hal_tim_ex.o
                0x08002aa4                HAL_TIMEx_CommutCallback
 .text.HAL_TIMEx_BreakCallback
                0x08002ab6       0x12 ./Drivers/STM32F1xx_HAL_Driver/Src/stm32f1xx_hal_tim_ex.o
                0x08002ab6                HAL_TIMEx_BreakCallback
 .text.memset   0x08002ac8       0x10 C:/ST/STM32CubeIDE_1.16.0/STM32CubeIDE/plugins/com.st.stm32cube.ide.mcu.externaltools.gnu-tools-for-stm32.12.3.rel1.win32_1.0.200.202406191623/tools/bin/../lib/gcc/arm-none-eabi/12.3.1/../../../../arm-none-eabi/lib/thumb/v7-m/nofp\libc_nano.a(libc_a-memset.o)
                0x08002ac8                memset
 .text.__libc_init_array
                0x08002ad8       0x48 C:/ST/STM32CubeIDE_1.16.0/STM32CubeIDE/plugins/com.st.stm32cube.ide.mcu.externaltools.gnu-tools-for-stm32.12.3.rel1.win32_1.0.200.202406191623/tools/bin/../lib/gcc/arm-none-eabi/12.3.1/../../../../arm-none-eabi/lib/thumb/v7-m/nofp\libc_nano.a(libc_a-init.o)
                0x08002ad8                __libc_init_array
 *(.glue_7)
 .glue_7        0x08002b20        0x0 linker stubs
 *(.glue_7t)
 .glue_7t       0x08002b20        0x0 linker stubs
 *(.eh_frame)
 .eh_frame      0x08002b20        0x0 C:/ST/STM32CubeIDE_1.16.0/STM32CubeIDE/plugins/com.st.stm32cube.ide.mcu.externaltools.gnu-tools-for-stm32.12.3.rel1.win32_1.0.200.202406191623/tools/bin/../lib/gcc/arm-none-eabi/12.3.1/thumb/v7-m/nofp/crtbegin.o
 *(.init)
 .init          0x08002b20        0x4 C:/ST/STM32CubeIDE_1.16.0/STM32CubeIDE/plugins/com.st.stm32cube.ide.mcu.externaltools.gnu-tools-for-stm32.12.3.rel1.win32_1.0.200.202406191623/tools/bin/../lib/gcc/arm-none-eabi/12.3.1/thumb/v7-m/nofp/crti.o
                0x08002b20                _init
 .init          0x08002b24        0x8 C:/ST/STM32CubeIDE_1.16.0/STM32CubeIDE/plugins/com.st.stm32cube.ide.mcu.externaltools.gnu-tools-for-stm32.12.3.rel1.win32_1.0.200.202406191623/tools/bin/../lib/gcc/arm-none-eabi/12.3.1/thumb/v7-m/nofp/crtn.o
 *(.fini)
 .fini          0x08002b2c        0x4 C:/ST/STM32CubeIDE_1.16.0/STM32CubeIDE/plugins/com.st.stm32cube.ide.mcu.externaltools.gnu-tools-for-stm32.12.3.rel1.win32_1.0.200.202406191623/tools/bin/../lib/gcc/arm-none-eabi/12.3.1/thumb/v7-m/nofp/crti.o
                0x08002b2c                _fini
 .fini          0x08002b30        0x8 C:/ST/STM32CubeIDE_1.16.0/STM32CubeIDE/plugins/com.st.stm32cube.ide.mcu.externaltools.gnu-tools-for-stm32.12.3.rel1.win32_1.0.200.202406191623/tools/bin/../lib/gcc/arm-none-eabi/12.3.1/thumb/v7-m/nofp/crtn.o
                0x08002b38                        . = ALIGN (0x4)
                0x08002b38                        _etext = .

.vfp11_veneer   0x08002b38        0x0
 .vfp11_veneer  0x08002b38        0x0 linker stubs

.v4_bx          0x08002b38        0x0
 .v4_bx         0x08002b38        0x0 linker stubs

.iplt           0x08002b38        0x0
 .iplt          0x08002b38        0x0 C:/ST/STM32CubeIDE_1.16.0/STM32CubeIDE/plugins/com.st.stm32cube.ide.mcu.externaltools.gnu-tools-for-stm32.12.3.rel1.win32_1.0.200.202406191623/tools/bin/../lib/gcc/arm-none-eabi/12.3.1/thumb/v7-m/nofp/crtbegin.o

.rodata         0x08002b38       0x24
                0x08002b38                        . = ALIGN (0x4)
 *(.rodata)
 *(.rodata*)
 .rodata.AHBPrescTable
                0x08002b38       0x10 ./Core/Src/system_stm32f1xx.o
                0x08002b38                AHBPrescTable
 .rodata.aPLLMULFactorTable.1
                0x08002b48       0x10 ./Drivers/STM32F1xx_HAL_Driver/Src/stm32f1xx_hal_rcc.o
 .rodata.aPredivFactorTable.0
                0x08002b58        0x2 ./Drivers/STM32F1xx_HAL_Driver/Src/stm32f1xx_hal_rcc.o
                0x08002b5c                        . = ALIGN (0x4)
 *fill*         0x08002b5a        0x2 

.ARM.extab      0x08002b5c        0x0
                0x08002b5c                        . = ALIGN (0x4)
 *(.ARM.extab* .gnu.linkonce.armextab.*)
                0x08002b5c                        . = ALIGN (0x4)

.ARM            0x08002b5c        0x0
                0x08002b5c                        . = ALIGN (0x4)
                0x08002b5c                        __exidx_start = .
 *(.ARM.exidx*)
                0x08002b5c                        __exidx_end = .
                0x08002b5c                        . = ALIGN (0x4)

.preinit_array  0x08002b5c        0x0
                0x08002b5c                        . = ALIGN (0x4)
                0x08002b5c                        PROVIDE (__preinit_array_start = .)
 *(.preinit_array*)
                0x08002b5c                        PROVIDE (__preinit_array_end = .)
                0x08002b5c                        . = ALIGN (0x4)

.init_array     0x08002b5c        0x4
                0x08002b5c                        . = ALIGN (0x4)
                0x08002b5c                        PROVIDE (__init_array_start = .)
 *(SORT_BY_NAME(.init_array.*))
 *(.init_array*)
 .init_array    0x08002b5c        0x4 C:/ST/STM32CubeIDE_1.16.0/STM32CubeIDE/plugins/com.st.stm32cube.ide.mcu.externaltools.gnu-tools-for-stm32.12.3.rel1.win32_1.0.200.202406191623/tools/bin/../lib/gcc/arm-none-eabi/12.3.1/thumb/v7-m/nofp/crtbegin.o
                0x08002b60                        PROVIDE (__init_array_end = .)
                0x08002b60                        . = ALIGN (0x4)

.fini_array     0x08002b60        0x4
                0x08002b60                        . = ALIGN (0x4)
                [!provide]                        PROVIDE (__fini_array_start = .)
 *(SORT_BY_NAME(.fini_array.*))
 *(.fini_array*)
 .fini_array    0x08002b60        0x4 C:/ST/STM32CubeIDE_1.16.0/STM32CubeIDE/plugins/com.st.stm32cube.ide.mcu.externaltools.gnu-tools-for-stm32.12.3.rel1.win32_1.0.200.202406191623/tools/bin/../lib/gcc/arm-none-eabi/12.3.1/thumb/v7-m/nofp/crtbegin.o
                [!provide]                        PROVIDE (__fini_array_end = .)
                0x08002b64                        . = ALIGN (0x4)
                0x08002b64                        _sidata = LOADADDR (.data)

.rel.dyn        0x08002b64        0x0
 .rel.iplt      0x08002b64        0x0 C:/ST/STM32CubeIDE_1.16.0/STM32CubeIDE/plugins/com.st.stm32cube.ide.mcu.externaltools.gnu-tools-for-stm32.12.3.rel1.win32_1.0.200.202406191623/tools/bin/../lib/gcc/arm-none-eabi/12.3.1/thumb/v7-m/nofp/crtbegin.o

.data           0x20000000       0x14 load address 0x08002b64
                0x20000000                        . = ALIGN (0x4)
                0x20000000                        _sdata = .
 *(.data)
 *(.data*)
 .data.TimeForKeyPress
                0x20000000        0x4 ./Core/Src/button.o
                0x20000000                TimeForKeyPress
 .data.timerBlinkTraffic
                0x20000004        0x4 ./Core/Src/global.o
                0x20000004                timerBlinkTraffic
 .data.SystemCoreClock
                0x20000008        0x4 ./Core/Src/system_stm32f1xx.o
                0x20000008                SystemCoreClock
 .data.uwTickPrio
                0x2000000c        0x4 ./Drivers/STM32F1xx_HAL_Driver/Src/stm32f1xx_hal.o
                0x2000000c                uwTickPrio
 .data.uwTickFreq
                0x20000010        0x1 ./Drivers/STM32F1xx_HAL_Driver/Src/stm32f1xx_hal.o
                0x20000010                uwTickFreq
 *(.RamFunc)
 *(.RamFunc*)
                0x20000014                        . = ALIGN (0x4)
 *fill*         0x20000011        0x3 
                0x20000014                        _edata = .

.igot.plt       0x20000014        0x0 load address 0x08002b78
 .igot.plt      0x20000014        0x0 C:/ST/STM32CubeIDE_1.16.0/STM32CubeIDE/plugins/com.st.stm32cube.ide.mcu.externaltools.gnu-tools-for-stm32.12.3.rel1.win32_1.0.200.202406191623/tools/bin/../lib/gcc/arm-none-eabi/12.3.1/thumb/v7-m/nofp/crtbegin.o
                0x20000014                        . = ALIGN (0x4)

.bss            0x20000014      0x414 load address 0x08002b78
                0x20000014                        _sbss = .
                0x20000014                        __bss_start__ = _sbss
 *(.bss)
 .bss           0x20000014       0x1c C:/ST/STM32CubeIDE_1.16.0/STM32CubeIDE/plugins/com.st.stm32cube.ide.mcu.externaltools.gnu-tools-for-stm32.12.3.rel1.win32_1.0.200.202406191623/tools/bin/../lib/gcc/arm-none-eabi/12.3.1/thumb/v7-m/nofp/crtbegin.o
 *(.bss*)
 .bss.FlagCheckLongPressFirst
                0x20000030        0x4 ./Core/Src/button.o
                0x20000030                FlagCheckLongPressFirst
 .bss.count     0x20000034        0xc ./Core/Src/display.o
                0x20000034                count
 .bss.time      0x20000040       0x14 ./Core/Src/global.o
                0x20000040                time
 .bss.button    0x20000054       0x54 ./Core/Src/global.o
                0x20000054                button
 .bss.timer1_counter
                0x200000a8        0x4 ./Core/Src/global.o
                0x200000a8                timer1_counter
 .bss.timer1_flag
                0x200000ac        0x4 ./Core/Src/global.o
                0x200000ac                timer1_flag
 .bss.timerBlinkTraffic_flag
                0x200000b0        0x4 ./Core/Src/global.o
                0x200000b0                timerBlinkTraffic_flag
 .bss.mode      0x200000b4        0x1 ./Core/Src/input_processing.o
                0x200000b4                mode
 *fill*         0x200000b5        0x3 
 .bss.htim2     0x200000b8       0x48 ./Core/Src/main.o
                0x200000b8                htim2
 .bss.SCH_tasks_G
                0x20000100      0x320 ./Core/Src/scheduler.o
                0x20000100                SCH_tasks_G
 .bss.current_index_task
                0x20000420        0x1 ./Core/Src/scheduler.o
                0x20000420                current_index_task
 *fill*         0x20000421        0x3 
 .bss.uwTick    0x20000424        0x4 ./Drivers/STM32F1xx_HAL_Driver/Src/stm32f1xx_hal.o
                0x20000424                uwTick
 *(COMMON)
                0x20000428                        . = ALIGN (0x4)
                0x20000428                        _ebss = .
                0x20000428                        __bss_end__ = _ebss

._user_heap_stack
                0x20000428      0x600 load address 0x08002b78
                0x20000428                        . = ALIGN (0x8)
                [!provide]                        PROVIDE (end = .)
                0x20000428                        PROVIDE (_end = .)
                0x20000628                        . = (. + _Min_Heap_Size)
 *fill*         0x20000428      0x200 
                0x20000a28                        . = (. + _Min_Stack_Size)
 *fill*         0x20000628      0x400 
                0x20000a28                        . = ALIGN (0x8)

/DISCARD/
 libc.a(*)
 libm.a(*)
 libgcc.a(*)

.ARM.attributes
                0x00000000       0x29
 *(.ARM.attributes)
 .ARM.attributes
                0x00000000       0x1d C:/ST/STM32CubeIDE_1.16.0/STM32CubeIDE/plugins/com.st.stm32cube.ide.mcu.externaltools.gnu-tools-for-stm32.12.3.rel1.win32_1.0.200.202406191623/tools/bin/../lib/gcc/arm-none-eabi/12.3.1/thumb/v7-m/nofp/crti.o
 .ARM.attributes
                0x0000001d       0x2d C:/ST/STM32CubeIDE_1.16.0/STM32CubeIDE/plugins/com.st.stm32cube.ide.mcu.externaltools.gnu-tools-for-stm32.12.3.rel1.win32_1.0.200.202406191623/tools/bin/../lib/gcc/arm-none-eabi/12.3.1/thumb/v7-m/nofp/crtbegin.o
 .ARM.attributes
                0x0000004a       0x2d ./Core/Src/button.o
 .ARM.attributes
                0x00000077       0x2d ./Core/Src/display.o
 .ARM.attributes
                0x000000a4       0x2d ./Core/Src/global.o
 .ARM.attributes
                0x000000d1       0x2d ./Core/Src/input_processing.o
 .ARM.attributes
                0x000000fe       0x2d ./Core/Src/main.o
 .ARM.attributes
                0x0000012b       0x2d ./Core/Src/scheduler.o
 .ARM.attributes
                0x00000158       0x2d ./Core/Src/stm32f1xx_hal_msp.o
 .ARM.attributes
                0x00000185       0x2d ./Core/Src/stm32f1xx_it.o
 .ARM.attributes
                0x000001b2       0x2d ./Core/Src/system_stm32f1xx.o
 .ARM.attributes
                0x000001df       0x2d ./Core/Src/timer.o
 .ARM.attributes
                0x0000020c       0x2d ./Core/Src/traffic_jam.o
 .ARM.attributes
                0x00000239       0x21 ./Core/Startup/startup_stm32f103rbtx.o
 .ARM.attributes
                0x0000025a       0x2d ./Drivers/STM32F1xx_HAL_Driver/Src/stm32f1xx_hal.o
 .ARM.attributes
                0x00000287       0x2d ./Drivers/STM32F1xx_HAL_Driver/Src/stm32f1xx_hal_cortex.o
 .ARM.attributes
                0x000002b4       0x2d ./Drivers/STM32F1xx_HAL_Driver/Src/stm32f1xx_hal_gpio.o
 .ARM.attributes
                0x000002e1       0x2d ./Drivers/STM32F1xx_HAL_Driver/Src/stm32f1xx_hal_rcc.o
 .ARM.attributes
                0x0000030e       0x2d ./Drivers/STM32F1xx_HAL_Driver/Src/stm32f1xx_hal_tim.o
 .ARM.attributes
                0x0000033b       0x2d ./Drivers/STM32F1xx_HAL_Driver/Src/stm32f1xx_hal_tim_ex.o
 .ARM.attributes
                0x00000368       0x2d C:/ST/STM32CubeIDE_1.16.0/STM32CubeIDE/plugins/com.st.stm32cube.ide.mcu.externaltools.gnu-tools-for-stm32.12.3.rel1.win32_1.0.200.202406191623/tools/bin/../lib/gcc/arm-none-eabi/12.3.1/../../../../arm-none-eabi/lib/thumb/v7-m/nofp\libc_nano.a(libc_a-memset.o)
 .ARM.attributes
                0x00000395       0x2d C:/ST/STM32CubeIDE_1.16.0/STM32CubeIDE/plugins/com.st.stm32cube.ide.mcu.externaltools.gnu-tools-for-stm32.12.3.rel1.win32_1.0.200.202406191623/tools/bin/../lib/gcc/arm-none-eabi/12.3.1/../../../../arm-none-eabi/lib/thumb/v7-m/nofp\libc_nano.a(libc_a-init.o)
 .ARM.attributes
                0x000003c2       0x1d C:/ST/STM32CubeIDE_1.16.0/STM32CubeIDE/plugins/com.st.stm32cube.ide.mcu.externaltools.gnu-tools-for-stm32.12.3.rel1.win32_1.0.200.202406191623/tools/bin/../lib/gcc/arm-none-eabi/12.3.1/thumb/v7-m/nofp/crtn.o
OUTPUT(LAB3.elf elf32-littlearm)
LOAD linker stubs
LOAD C:/ST/STM32CubeIDE_1.16.0/STM32CubeIDE/plugins/com.st.stm32cube.ide.mcu.externaltools.gnu-tools-for-stm32.12.3.rel1.win32_1.0.200.202406191623/tools/bin/../lib/gcc/arm-none-eabi/12.3.1/../../../../arm-none-eabi/lib/thumb/v7-m/nofp\libc.a
LOAD C:/ST/STM32CubeIDE_1.16.0/STM32CubeIDE/plugins/com.st.stm32cube.ide.mcu.externaltools.gnu-tools-for-stm32.12.3.rel1.win32_1.0.200.202406191623/tools/bin/../lib/gcc/arm-none-eabi/12.3.1/../../../../arm-none-eabi/lib/thumb/v7-m/nofp\libm.a
LOAD C:/ST/STM32CubeIDE_1.16.0/STM32CubeIDE/plugins/com.st.stm32cube.ide.mcu.externaltools.gnu-tools-for-stm32.12.3.rel1.win32_1.0.200.202406191623/tools/bin/../lib/gcc/arm-none-eabi/12.3.1/thumb/v7-m/nofp\libgcc.a

.debug_info     0x00000000     0x8cfd
 .debug_info    0x00000000      0x303 ./Core/Src/button.o
 .debug_info    0x00000303      0x432 ./Core/Src/display.o
 .debug_info    0x00000735      0x2ae ./Core/Src/global.o
 .debug_info    0x000009e3      0x131 ./Core/Src/input_processing.o
 .debug_info    0x00000b14      0xcc8 ./Core/Src/main.o
 .debug_info    0x000017dc      0x1fe ./Core/Src/scheduler.o
 .debug_info    0x000019da      0x938 ./Core/Src/stm32f1xx_hal_msp.o
 .debug_info    0x00002312      0x6a1 ./Core/Src/stm32f1xx_it.o
 .debug_info    0x000029b3      0x222 ./Core/Src/system_stm32f1xx.o
 .debug_info    0x00002bd5       0xd4 ./Core/Src/timer.o
 .debug_info    0x00002ca9      0x325 ./Core/Src/traffic_jam.o
 .debug_info    0x00002fce       0x30 ./Core/Startup/startup_stm32f103rbtx.o
 .debug_info    0x00002ffe      0x704 ./Drivers/STM32F1xx_HAL_Driver/Src/stm32f1xx_hal.o
 .debug_info    0x00003702      0xa87 ./Drivers/STM32F1xx_HAL_Driver/Src/stm32f1xx_hal_cortex.o
 .debug_info    0x00004189      0x5ab ./Drivers/STM32F1xx_HAL_Driver/Src/stm32f1xx_hal_gpio.o
 .debug_info    0x00004734      0x7d5 ./Drivers/STM32F1xx_HAL_Driver/Src/stm32f1xx_hal_rcc.o
 .debug_info    0x00004f09     0x2959 ./Drivers/STM32F1xx_HAL_Driver/Src/stm32f1xx_hal_tim.o
 .debug_info    0x00007862     0x149b ./Drivers/STM32F1xx_HAL_Driver/Src/stm32f1xx_hal_tim_ex.o

.debug_abbrev   0x00000000     0x1ead
 .debug_abbrev  0x00000000      0x1ba ./Core/Src/button.o
 .debug_abbrev  0x000001ba      0x20b ./Core/Src/display.o
 .debug_abbrev  0x000003c5      0x100 ./Core/Src/global.o
 .debug_abbrev  0x000004c5       0xb8 ./Core/Src/input_processing.o
 .debug_abbrev  0x0000057d      0x2c9 ./Core/Src/main.o
 .debug_abbrev  0x00000846      0x130 ./Core/Src/scheduler.o
 .debug_abbrev  0x00000976      0x1ad ./Core/Src/stm32f1xx_hal_msp.o
 .debug_abbrev  0x00000b23      0x191 ./Core/Src/stm32f1xx_it.o
 .debug_abbrev  0x00000cb4      0x13f ./Core/Src/system_stm32f1xx.o
 .debug_abbrev  0x00000df3       0x82 ./Core/Src/timer.o
 .debug_abbrev  0x00000e75      0x1a5 ./Core/Src/traffic_jam.o
 .debug_abbrev  0x0000101a       0x24 ./Core/Startup/startup_stm32f103rbtx.o
 .debug_abbrev  0x0000103e      0x201 ./Drivers/STM32F1xx_HAL_Driver/Src/stm32f1xx_hal.o
 .debug_abbrev  0x0000123f      0x2f8 ./Drivers/STM32F1xx_HAL_Driver/Src/stm32f1xx_hal_cortex.o
 .debug_abbrev  0x00001537      0x1ca ./Drivers/STM32F1xx_HAL_Driver/Src/stm32f1xx_hal_gpio.o
 .debug_abbrev  0x00001701      0x2b3 ./Drivers/STM32F1xx_HAL_Driver/Src/stm32f1xx_hal_rcc.o
 .debug_abbrev  0x000019b4      0x277 ./Drivers/STM32F1xx_HAL_Driver/Src/stm32f1xx_hal_tim.o
 .debug_abbrev  0x00001c2b      0x282 ./Drivers/STM32F1xx_HAL_Driver/Src/stm32f1xx_hal_tim_ex.o

.debug_aranges  0x00000000      0xb00
 .debug_aranges
                0x00000000       0x48 ./Core/Src/button.o
 .debug_aranges
                0x00000048       0x80 ./Core/Src/display.o
 .debug_aranges
                0x000000c8       0x18 ./Core/Src/global.o
 .debug_aranges
                0x000000e0       0x40 ./Core/Src/input_processing.o
 .debug_aranges
                0x00000120       0x50 ./Core/Src/main.o
 .debug_aranges
                0x00000170       0x40 ./Core/Src/scheduler.o
 .debug_aranges
                0x000001b0       0x30 ./Core/Src/stm32f1xx_hal_msp.o
 .debug_aranges
                0x000001e0       0x68 ./Core/Src/stm32f1xx_it.o
 .debug_aranges
                0x00000248       0x28 ./Core/Src/system_stm32f1xx.o
 .debug_aranges
                0x00000270       0x28 ./Core/Src/timer.o
 .debug_aranges
                0x00000298       0x40 ./Core/Src/traffic_jam.o
 .debug_aranges
                0x000002d8       0x28 ./Core/Startup/startup_stm32f103rbtx.o
 .debug_aranges
                0x00000300       0xe0 ./Drivers/STM32F1xx_HAL_Driver/Src/stm32f1xx_hal.o
 .debug_aranges
                0x000003e0      0x100 ./Drivers/STM32F1xx_HAL_Driver/Src/stm32f1xx_hal_cortex.o
 .debug_aranges
                0x000004e0       0x58 ./Drivers/STM32F1xx_HAL_Driver/Src/stm32f1xx_hal_gpio.o
 .debug_aranges
                0x00000538       0x90 ./Drivers/STM32F1xx_HAL_Driver/Src/stm32f1xx_hal_rcc.o
 .debug_aranges
                0x000005c8      0x3d0 ./Drivers/STM32F1xx_HAL_Driver/Src/stm32f1xx_hal_tim.o
 .debug_aranges
                0x00000998      0x168 ./Drivers/STM32F1xx_HAL_Driver/Src/stm32f1xx_hal_tim_ex.o

.debug_rnglists
                0x00000000      0x84c
 .debug_rnglists
                0x00000000       0x32 ./Core/Src/button.o
 .debug_rnglists
                0x00000032       0x5d ./Core/Src/display.o
 .debug_rnglists
                0x0000008f       0x2c ./Core/Src/input_processing.o
 .debug_rnglists
                0x000000bb       0x3a ./Core/Src/main.o
 .debug_rnglists
                0x000000f5       0x2e ./Core/Src/scheduler.o
 .debug_rnglists
                0x00000123       0x1f ./Core/Src/stm32f1xx_hal_msp.o
 .debug_rnglists
                0x00000142       0x49 ./Core/Src/stm32f1xx_it.o
 .debug_rnglists
                0x0000018b       0x1a ./Core/Src/system_stm32f1xx.o
 .debug_rnglists
                0x000001a5       0x19 ./Core/Src/timer.o
 .debug_rnglists
                0x000001be       0x2d ./Core/Src/traffic_jam.o
 .debug_rnglists
                0x000001eb       0x19 ./Core/Startup/startup_stm32f103rbtx.o
 .debug_rnglists
                0x00000204       0xa3 ./Drivers/STM32F1xx_HAL_Driver/Src/stm32f1xx_hal.o
 .debug_rnglists
                0x000002a7       0xbb ./Drivers/STM32F1xx_HAL_Driver/Src/stm32f1xx_hal_cortex.o
 .debug_rnglists
                0x00000362       0x3f ./Drivers/STM32F1xx_HAL_Driver/Src/stm32f1xx_hal_gpio.o
 .debug_rnglists
                0x000003a1       0x6c ./Drivers/STM32F1xx_HAL_Driver/Src/stm32f1xx_hal_rcc.o
 .debug_rnglists
                0x0000040d      0x31a ./Drivers/STM32F1xx_HAL_Driver/Src/stm32f1xx_hal_tim.o
 .debug_rnglists
                0x00000727      0x125 ./Drivers/STM32F1xx_HAL_Driver/Src/stm32f1xx_hal_tim_ex.o

.debug_macro    0x00000000    0x17303
 .debug_macro   0x00000000      0x1c1 ./Core/Src/button.o
 .debug_macro   0x000001c1      0xaa8 ./Core/Src/button.o
 .debug_macro   0x00000c69      0x215 ./Core/Src/button.o
 .debug_macro   0x00000e7e       0x2e ./Core/Src/button.o
 .debug_macro   0x00000eac       0x22 ./Core/Src/button.o
 .debug_macro   0x00000ece       0x22 ./Core/Src/button.o
 .debug_macro   0x00000ef0       0x8e ./Core/Src/button.o
 .debug_macro   0x00000f7e       0x51 ./Core/Src/button.o
 .debug_macro   0x00000fcf      0x103 ./Core/Src/button.o
 .debug_macro   0x000010d2       0x6a ./Core/Src/button.o
 .debug_macro   0x0000113c      0x1df ./Core/Src/button.o
 .debug_macro   0x0000131b       0x1c ./Core/Src/button.o
 .debug_macro   0x00001337       0x22 ./Core/Src/button.o
 .debug_macro   0x00001359       0xbd ./Core/Src/button.o
 .debug_macro   0x00001416      0xd23 ./Core/Src/button.o
 .debug_macro   0x00002139     0xe09e ./Core/Src/button.o
 .debug_macro   0x000101d7       0x6d ./Core/Src/button.o
 .debug_macro   0x00010244     0x34a2 ./Core/Src/button.o
 .debug_macro   0x000136e6      0x189 ./Core/Src/button.o
 .debug_macro   0x0001386f       0x5c ./Core/Src/button.o
 .debug_macro   0x000138cb      0x5bc ./Core/Src/button.o
 .debug_macro   0x00013e87      0x289 ./Core/Src/button.o
 .debug_macro   0x00014110      0x1cb ./Core/Src/button.o
 .debug_macro   0x000142db      0x114 ./Core/Src/button.o
 .debug_macro   0x000143ef      0x1b2 ./Core/Src/button.o
 .debug_macro   0x000145a1       0x27 ./Core/Src/button.o
 .debug_macro   0x000145c8      0x136 ./Core/Src/button.o
 .debug_macro   0x000146fe      0x1bc ./Core/Src/button.o
 .debug_macro   0x000148ba       0x34 ./Core/Src/button.o
 .debug_macro   0x000148ee       0x3c ./Core/Src/button.o
 .debug_macro   0x0001492a       0x57 ./Core/Src/button.o
 .debug_macro   0x00014981       0x87 ./Core/Src/button.o
 .debug_macro   0x00014a08      0x240 ./Core/Src/button.o
 .debug_macro   0x00014c48      0x140 ./Core/Src/button.o
 .debug_macro   0x00014d88      0x8ed ./Core/Src/button.o
 .debug_macro   0x00015675       0x83 ./Core/Src/button.o
 .debug_macro   0x000156f8      0x148 ./Core/Src/button.o
 .debug_macro   0x00015840       0x10 ./Core/Src/button.o
 .debug_macro   0x00015850      0x1df ./Core/Src/display.o
 .debug_macro   0x00015a2f      0x1b2 ./Core/Src/global.o
 .debug_macro   0x00015be1      0x1cb ./Core/Src/input_processing.o
 .debug_macro   0x00015dac      0x1f4 ./Core/Src/main.o
 .debug_macro   0x00015fa0       0x16 ./Core/Src/main.o
 .debug_macro   0x00015fb6       0x10 ./Core/Src/main.o
 .debug_macro   0x00015fc6       0x73 ./Core/Src/scheduler.o
 .debug_macro   0x00016039      0x1a8 ./Core/Src/stm32f1xx_hal_msp.o
 .debug_macro   0x000161e1      0x1b2 ./Core/Src/stm32f1xx_it.o
 .debug_macro   0x00016393      0x199 ./Core/Src/system_stm32f1xx.o
 .debug_macro   0x0001652c      0x1bc ./Core/Src/timer.o
 .debug_macro   0x000166e8      0x1e3 ./Core/Src/traffic_jam.o
 .debug_macro   0x000168cb      0x1bd ./Drivers/STM32F1xx_HAL_Driver/Src/stm32f1xx_hal.o
 .debug_macro   0x00016a88      0x199 ./Drivers/STM32F1xx_HAL_Driver/Src/stm32f1xx_hal_cortex.o
 .debug_macro   0x00016c21      0x204 ./Drivers/STM32F1xx_HAL_Driver/Src/stm32f1xx_hal_gpio.o
 .debug_macro   0x00016e25      0x1ab ./Drivers/STM32F1xx_HAL_Driver/Src/stm32f1xx_hal_rcc.o
 .debug_macro   0x00016fd0      0x19a ./Drivers/STM32F1xx_HAL_Driver/Src/stm32f1xx_hal_tim.o
 .debug_macro   0x0001716a      0x199 ./Drivers/STM32F1xx_HAL_Driver/Src/stm32f1xx_hal_tim_ex.o

.debug_line     0x00000000     0xd066
 .debug_line    0x00000000      0x848 ./Core/Src/button.o
 .debug_line    0x00000848      0xaef ./Core/Src/display.o
 .debug_line    0x00001337      0x6d5 ./Core/Src/global.o
 .debug_line    0x00001a0c      0x7ce ./Core/Src/input_processing.o
 .debug_line    0x000021da      0x8a0 ./Core/Src/main.o
 .debug_line    0x00002a7a      0x4f8 ./Core/Src/scheduler.o
 .debug_line    0x00002f72      0x729 ./Core/Src/stm32f1xx_hal_msp.o
 .debug_line    0x0000369b      0x7c7 ./Core/Src/stm32f1xx_it.o
 .debug_line    0x00003e62      0x76b ./Core/Src/system_stm32f1xx.o
 .debug_line    0x000045cd      0x734 ./Core/Src/timer.o
 .debug_line    0x00004d01      0x85b ./Core/Src/traffic_jam.o
 .debug_line    0x0000555c       0x78 ./Core/Startup/startup_stm32f103rbtx.o
 .debug_line    0x000055d4      0x998 ./Drivers/STM32F1xx_HAL_Driver/Src/stm32f1xx_hal.o
 .debug_line    0x00005f6c      0xb84 ./Drivers/STM32F1xx_HAL_Driver/Src/stm32f1xx_hal_cortex.o
 .debug_line    0x00006af0      0xa31 ./Drivers/STM32F1xx_HAL_Driver/Src/stm32f1xx_hal_gpio.o
 .debug_line    0x00007521      0xda1 ./Drivers/STM32F1xx_HAL_Driver/Src/stm32f1xx_hal_rcc.o
 .debug_line    0x000082c2     0x34bd ./Drivers/STM32F1xx_HAL_Driver/Src/stm32f1xx_hal_tim.o
 .debug_line    0x0000b77f     0x18e7 ./Drivers/STM32F1xx_HAL_Driver/Src/stm32f1xx_hal_tim_ex.o

.debug_str      0x00000000    0x84c2c
 .debug_str     0x00000000    0x81dc8 ./Core/Src/button.o
                              0x82119 (size before relaxing)
 .debug_str     0x00081dc8      0x249 ./Core/Src/display.o
                              0x82269 (size before relaxing)
 .debug_str     0x00082011       0x30 ./Core/Src/global.o
                              0x820ab (size before relaxing)
 .debug_str     0x00082041       0x71 ./Core/Src/input_processing.o
                              0x8206c (size before relaxing)
 .debug_str     0x000820b2      0x823 ./Core/Src/main.o
                              0x829b6 (size before relaxing)
 .debug_str     0x000828d5       0x7e ./Core/Src/scheduler.o
                               0x3daf (size before relaxing)
 .debug_str     0x00082953      0x33a ./Core/Src/stm32f1xx_hal_msp.o
                              0x827fc (size before relaxing)
 .debug_str     0x00082c8d       0xec ./Core/Src/stm32f1xx_it.o
                              0x824fd (size before relaxing)
 .debug_str     0x00082d79       0x7e ./Core/Src/system_stm32f1xx.o
                              0x81aca (size before relaxing)
 .debug_str     0x00082df7       0x27 ./Core/Src/timer.o
                              0x81fd4 (size before relaxing)
 .debug_str     0x00082e1e       0x49 ./Core/Src/traffic_jam.o
                              0x82175 (size before relaxing)
 .debug_str     0x00082e67       0x44 ./Core/Startup/startup_stm32f103rbtx.o
                                 0x7c (size before relaxing)
 .debug_str     0x00082eab      0x38e ./Drivers/STM32F1xx_HAL_Driver/Src/stm32f1xx_hal.o
                              0x821fd (size before relaxing)
 .debug_str     0x00083239      0x294 ./Drivers/STM32F1xx_HAL_Driver/Src/stm32f1xx_hal_cortex.o
                              0x82149 (size before relaxing)
 .debug_str     0x000834cd      0x2c3 ./Drivers/STM32F1xx_HAL_Driver/Src/stm32f1xx_hal_gpio.o
                              0x81e50 (size before relaxing)
 .debug_str     0x00083790      0x229 ./Drivers/STM32F1xx_HAL_Driver/Src/stm32f1xx_hal_rcc.o
                              0x81ef9 (size before relaxing)
 .debug_str     0x000839b9      0xde0 ./Drivers/STM32F1xx_HAL_Driver/Src/stm32f1xx_hal_tim.o
                              0x82efb (size before relaxing)
 .debug_str     0x00084799      0x493 ./Drivers/STM32F1xx_HAL_Driver/Src/stm32f1xx_hal_tim_ex.o
                              0x82707 (size before relaxing)

.comment        0x00000000       0x43
 .comment       0x00000000       0x43 ./Core/Src/button.o
                                 0x44 (size before relaxing)
 .comment       0x00000043       0x44 ./Core/Src/display.o
 .comment       0x00000043       0x44 ./Core/Src/global.o
 .comment       0x00000043       0x44 ./Core/Src/input_processing.o
 .comment       0x00000043       0x44 ./Core/Src/main.o
 .comment       0x00000043       0x44 ./Core/Src/scheduler.o
 .comment       0x00000043       0x44 ./Core/Src/stm32f1xx_hal_msp.o
 .comment       0x00000043       0x44 ./Core/Src/stm32f1xx_it.o
 .comment       0x00000043       0x44 ./Core/Src/system_stm32f1xx.o
 .comment       0x00000043       0x44 ./Core/Src/timer.o
 .comment       0x00000043       0x44 ./Core/Src/traffic_jam.o
 .comment       0x00000043       0x44 ./Drivers/STM32F1xx_HAL_Driver/Src/stm32f1xx_hal.o
 .comment       0x00000043       0x44 ./Drivers/STM32F1xx_HAL_Driver/Src/stm32f1xx_hal_cortex.o
 .comment       0x00000043       0x44 ./Drivers/STM32F1xx_HAL_Driver/Src/stm32f1xx_hal_gpio.o
 .comment       0x00000043       0x44 ./Drivers/STM32F1xx_HAL_Driver/Src/stm32f1xx_hal_rcc.o
 .comment       0x00000043       0x44 ./Drivers/STM32F1xx_HAL_Driver/Src/stm32f1xx_hal_tim.o
 .comment       0x00000043       0x44 ./Drivers/STM32F1xx_HAL_Driver/Src/stm32f1xx_hal_tim_ex.o

.debug_frame    0x00000000     0x2afc
 .debug_frame   0x00000000       0xdc ./Core/Src/button.o
 .debug_frame   0x000000dc      0x1a4 ./Core/Src/display.o
 .debug_frame   0x00000280       0xac ./Core/Src/input_processing.o
 .debug_frame   0x0000032c       0xf0 ./Core/Src/main.o
 .debug_frame   0x0000041c       0xcc ./Core/Src/scheduler.o
 .debug_frame   0x000004e8       0x80 ./Core/Src/stm32f1xx_hal_msp.o
 .debug_frame   0x00000568      0x120 ./Core/Src/stm32f1xx_it.o
 .debug_frame   0x00000688       0x58 ./Core/Src/system_stm32f1xx.o
 .debug_frame   0x000006e0       0x58 ./Core/Src/timer.o
 .debug_frame   0x00000738       0xc8 ./Core/Src/traffic_jam.o
 .debug_frame   0x00000800      0x334 ./Drivers/STM32F1xx_HAL_Driver/Src/stm32f1xx_hal.o
 .debug_frame   0x00000b34      0x428 ./Drivers/STM32F1xx_HAL_Driver/Src/stm32f1xx_hal_cortex.o
 .debug_frame   0x00000f5c      0x14c ./Drivers/STM32F1xx_HAL_Driver/Src/stm32f1xx_hal_gpio.o
 .debug_frame   0x000010a8      0x218 ./Drivers/STM32F1xx_HAL_Driver/Src/stm32f1xx_hal_rcc.o
 .debug_frame   0x000012c0     0x11b8 ./Drivers/STM32F1xx_HAL_Driver/Src/stm32f1xx_hal_tim.o
 .debug_frame   0x00002478      0x638 ./Drivers/STM32F1xx_HAL_Driver/Src/stm32f1xx_hal_tim_ex.o
 .debug_frame   0x00002ab0       0x20 C:/ST/STM32CubeIDE_1.16.0/STM32CubeIDE/plugins/com.st.stm32cube.ide.mcu.externaltools.gnu-tools-for-stm32.12.3.rel1.win32_1.0.200.202406191623/tools/bin/../lib/gcc/arm-none-eabi/12.3.1/../../../../arm-none-eabi/lib/thumb/v7-m/nofp\libc_nano.a(libc_a-memset.o)
 .debug_frame   0x00002ad0       0x2c C:/ST/STM32CubeIDE_1.16.0/STM32CubeIDE/plugins/com.st.stm32cube.ide.mcu.externaltools.gnu-tools-for-stm32.12.3.rel1.win32_1.0.200.202406191623/tools/bin/../lib/gcc/arm-none-eabi/12.3.1/../../../../arm-none-eabi/lib/thumb/v7-m/nofp\libc_nano.a(libc_a-init.o)

.debug_line_str
                0x00000000       0x60
 .debug_line_str
                0x00000000       0x60 ./Core/Startup/startup_stm32f103rbtx.o
